[    3874ms] [ERROR] Failed to load resource: the server responded with a status of 406 () @ https://sonic.fdp.api.flipkart.com/4/data/collector/business:0
[    4194ms] [ERROR] Failed to load resource: the server responded with a status of 406 () @ https://sonic.fdp.api.flipkart.com/4/data/collector/business:0
[    5628ms] [ERROR] Access to fetch at 'https://static-assets-web.flixcart.com/www/linchpin/batman-returns/codes.json' from origin 'https://www.flipkart.com' has been blocked by CORS policy: Request header field x-user-agent is not allowed by Access-Control-Allow-Headers in preflight response. @ https://www.flipkart.com/:0
[    5630ms] [ERROR] Failed to load resource: net::ERR_FAILED @ https://static-assets-web.flixcart.com/www/linchpin/batman-returns/codes.json:0
[    6127ms] [WARNING] Warning: Component with name Placeholderis not available. Returning a fallback View @ https://www.flipkart.com/:1
[    6221ms] [WARNING] Warning: Component with name RNShimmeringViewis not available. Returning a fallback View @ https://www.flipkart.com/:1
[    6276ms] [WARNING] Warning: Component with name GifViewis not available. Returning a fallback View @ https://www.flipkart.com/:1
[    6278ms] [WARNING] Warning: Component with name LiveVideoViewis not available. Returning a fallback View @ https://www.flipkart.com/:1
[    6280ms] [WARNING] Warning: Component with name HybridConditionTrackerViewis not available. Returning a fallback View @ https://www.flipkart.com/:1
[    6879ms] [LOG] ServiceWorker registration successful with scope:  https://www.flipkart.com/ @ https://www.flipkart.com/:1
[    6897ms] [LOG] Sync registration successfull for web push Heart beat @ https://www.flipkart.com/:1
[    8090ms] [ERROR] Access to fetch at 'https://static-assets-web.flixcart.com/apex-static/images/svgs/L1Nav/all.svg' from origin 'https://www.flipkart.com' has been blocked by CORS policy: Request header field x-user-agent is not allowed by Access-Control-Allow-Headers in preflight response. @ https://www.flipkart.com/:0
[    8091ms] [ERROR] Failed to load resource: net::ERR_FAILED @ https://static-assets-web.flixcart.com/apex-static/images/svgs/L1Nav/all.svg:0
[    8102ms] [ERROR] Access to fetch at 'https://static-assets-web.flixcart.com/apex-static/images/svgs/L1Nav/auto-new.svg' from origin 'https://www.flipkart.com' has been blocked by CORS policy: Request header field x-user-agent is not allowed by Access-Control-Allow-Headers in preflight response. @ https://www.flipkart.com/:0
[    8102ms] [ERROR] Failed to load resource: net::ERR_FAILED @ https://static-assets-web.flixcart.com/apex-static/images/svgs/L1Nav/auto-new.svg:0
[    8102ms] [ERROR] Access to fetch at 'https://static-assets-web.flixcart.com/apex-static/images/svgs/L1Nav/mobiles.svg' from origin 'https://www.flipkart.com' has been blocked by CORS policy: Request header field x-user-agent is not allowed by Access-Control-Allow-Headers in preflight response. @ https://www.flipkart.com/:0
[    8102ms] [ERROR] Failed to load resource: net::ERR_FAILED @ https://static-assets-web.flixcart.com/apex-static/images/svgs/L1Nav/mobiles.svg:0
[    8104ms] [ERROR] Access to fetch at 'https://static-assets-web.flixcart.com/apex-static/images/svgs/L1Nav/food.svg' from origin 'https://www.flipkart.com' has been blocked by CORS policy: Request header field x-user-agent is not allowed by Access-Control-Allow-Headers in preflight response. @ https://www.flipkart.com/:0
[    8104ms] [ERROR] Failed to load resource: net::ERR_FAILED @ https://static-assets-web.flixcart.com/apex-static/images/svgs/L1Nav/food.svg:0
[    8105ms] [ERROR] Access to fetch at 'https://static-assets-web.flixcart.com/apex-static/images/svgs/L1Nav/furniture.svg' from origin 'https://www.flipkart.com' has been blocked by CORS policy: Request header field x-user-agent is not allowed by Access-Control-Allow-Headers in preflight response. @ https://www.flipkart.com/:0
[    8105ms] [ERROR] Failed to load resource: net::ERR_FAILED @ https://static-assets-web.flixcart.com/apex-static/images/svgs/L1Nav/furniture.svg:0
[    8111ms] [ERROR] Access to fetch at 'https://static-assets-web.flixcart.com/apex-static/images/svgs/L1Nav/auto-acc.svg' from origin 'https://www.flipkart.com' has been blocked by CORS policy: Request header field x-user-agent is not allowed by Access-Control-Allow-Headers in preflight response. @ https://www.flipkart.com/:0
[    8112ms] [ERROR] Failed to load resource: net::ERR_FAILED @ https://static-assets-web.flixcart.com/apex-static/images/svgs/L1Nav/auto-acc.svg:0
[    8112ms] [ERROR] Access to fetch at 'https://static-assets-web.flixcart.com/apex-static/images/svgs/L1Nav/fashion.svg' from origin 'https://www.flipkart.com' has been blocked by CORS policy: Request header field x-user-agent is not allowed by Access-Control-Allow-Headers in preflight response. @ https://www.flipkart.com/:0
[    8112ms] [ERROR] Failed to load resource: net::ERR_FAILED @ https://static-assets-web.flixcart.com/apex-static/images/svgs/L1Nav/fashion.svg:0
[    8114ms] [ERROR] Access to fetch at 'https://static-assets-web.flixcart.com/apex-static/images/svgs/L1Nav/electronics.svg' from origin 'https://www.flipkart.com' has been blocked by CORS policy: Request header field x-user-agent is not allowed by Access-Control-Allow-Headers in preflight response. @ https://www.flipkart.com/:0
[    8115ms] [ERROR] Failed to load resource: net::ERR_FAILED @ https://static-assets-web.flixcart.com/apex-static/images/svgs/L1Nav/electronics.svg:0
[    8115ms] [ERROR] Access to fetch at 'https://static-assets-web.flixcart.com/apex-static/images/svgs/L1Nav/toy.svg' from origin 'https://www.flipkart.com' has been blocked by CORS policy: Request header field x-user-agent is not allowed by Access-Control-Allow-Headers in preflight response. @ https://www.flipkart.com/:0
[    8115ms] [ERROR] Failed to load resource: net::ERR_FAILED @ https://static-assets-web.flixcart.com/apex-static/images/svgs/L1Nav/toy.svg:0
[    8116ms] [ERROR] Access to fetch at 'https://static-assets-web.flixcart.com/apex-static/images/svgs/L1Nav/beauty.svg' from origin 'https://www.flipkart.com' has been blocked by CORS policy: Request header field x-user-agent is not allowed by Access-Control-Allow-Headers in preflight response. @ https://www.flipkart.com/:0
[    8116ms] [ERROR] Failed to load resource: net::ERR_FAILED @ https://static-assets-web.flixcart.com/apex-static/images/svgs/L1Nav/beauty.svg:0
[    8116ms] [ERROR] Access to fetch at 'https://static-assets-web.flixcart.com/apex-static/images/svgs/L1Nav/tv.svg' from origin 'https://www.flipkart.com' has been blocked by CORS policy: Request header field x-user-agent is not allowed by Access-Control-Allow-Headers in preflight response. @ https://www.flipkart.com/:0
[    8116ms] [ERROR] Failed to load resource: net::ERR_FAILED @ https://static-assets-web.flixcart.com/apex-static/images/svgs/L1Nav/tv.svg:0
[    8117ms] [ERROR] Access to fetch at 'https://static-assets-web.flixcart.com/apex-static/images/svgs/L1Nav/sport.svg' from origin 'https://www.flipkart.com' has been blocked by CORS policy: Request header field x-user-agent is not allowed by Access-Control-Allow-Headers in preflight response. @ https://www.flipkart.com/:0
[    8117ms] [ERROR] Failed to load resource: net::ERR_FAILED @ https://static-assets-web.flixcart.com/apex-static/images/svgs/L1Nav/sport.svg:0
[    8117ms] [ERROR] Access to fetch at 'https://static-assets-web.flixcart.com/apex-static/images/svgs/L1Nav/home-final.svg' from origin 'https://www.flipkart.com' has been blocked by CORS policy: Request header field x-user-agent is not allowed by Access-Control-Allow-Headers in preflight response. @ https://www.flipkart.com/:0
[    8118ms] [ERROR] Failed to load resource: net::ERR_FAILED @ https://static-assets-web.flixcart.com/apex-static/images/svgs/L1Nav/home-final.svg:0
[    8118ms] [ERROR] Access to fetch at 'https://static-assets-web.flixcart.com/apex-static/images/svgs/L1Nav/books.svg' from origin 'https://www.flipkart.com' has been blocked by CORS policy: Request header field x-user-agent is not allowed by Access-Control-Allow-Headers in preflight response. @ https://www.flipkart.com/:0
[    8118ms] [ERROR] Failed to load resource: net::ERR_FAILED @ https://static-assets-web.flixcart.com/apex-static/images/svgs/L1Nav/books.svg:0
