[    7571ms] [ERROR] Failed to load resource: the server responded with a status of 406 () @ https://sonic.fdp.api.flipkart.com/4/data/collector/business:0
[    7583ms] [ERROR] Failed to load resource: the server responded with a status of 406 () @ https://sonic.fdp.api.flipkart.com/4/data/collector/business:0
[    8263ms] [ERROR] Access to fetch at 'https://static-assets-web.flixcart.com/www/linchpin/batman-returns/codes.json' from origin 'https://www.flipkart.com' has been blocked by CORS policy: Request header field x-user-agent is not allowed by Access-Control-Allow-Headers in preflight response. @ https://www.flipkart.com/:0
[    8265ms] [ERROR] Failed to load resource: net::ERR_FAILED @ https://static-assets-web.flixcart.com/www/linchpin/batman-returns/codes.json:0
[    9235ms] [WARNING] Warning: Component with name Placeholderis not available. Returning a fallback View @ https://www.flipkart.com/:1
[    9389ms] [WARNING] Warning: Component with name RNShimmeringViewis not available. Returning a fallback View @ https://www.flipkart.com/:1
[    9477ms] [WARNING] Warning: Component with name GifViewis not available. Returning a fallback View @ https://www.flipkart.com/:1
[    9478ms] [WARNING] Warning: Component with name LiveVideoViewis not available. Returning a fallback View @ https://www.flipkart.com/:1
[    9481ms] [WARNING] Warning: Component with name HybridConditionTrackerViewis not available. Returning a fallback View @ https://www.flipkart.com/:1
[   10410ms] [LOG] ServiceWorker registration successful with scope:  https://www.flipkart.com/ @ https://www.flipkart.com/:1
[   10470ms] [LOG] Sync registration successfull for web push Heart beat @ https://www.flipkart.com/:1
[   11944ms] [ERROR] Access to fetch at 'https://static-assets-web.flixcart.com/apex-static/images/svgs/L1Nav/electronics.svg' from origin 'https://www.flipkart.com' has been blocked by CORS policy: Request header field x-user-agent is not allowed by Access-Control-Allow-Headers in preflight response. @ https://www.flipkart.com/:0
[   11945ms] [ERROR] Failed to load resource: net::ERR_FAILED @ https://static-assets-web.flixcart.com/apex-static/images/svgs/L1Nav/electronics.svg:0
[   11948ms] [ERROR] Access to fetch at 'https://static-assets-web.flixcart.com/apex-static/images/svgs/L1Nav/home-final.svg' from origin 'https://www.flipkart.com' has been blocked by CORS policy: Request header field x-user-agent is not allowed by Access-Control-Allow-Headers in preflight response. @ https://www.flipkart.com/:0
[   11949ms] [ERROR] Failed to load resource: net::ERR_FAILED @ https://static-assets-web.flixcart.com/apex-static/images/svgs/L1Nav/home-final.svg:0
[   11950ms] [ERROR] Access to fetch at 'https://static-assets-web.flixcart.com/apex-static/images/svgs/L1Nav/beauty.svg' from origin 'https://www.flipkart.com' has been blocked by CORS policy: Request header field x-user-agent is not allowed by Access-Control-Allow-Headers in preflight response. @ https://www.flipkart.com/:0
[   11951ms] [ERROR] Failed to load resource: net::ERR_FAILED @ https://static-assets-web.flixcart.com/apex-static/images/svgs/L1Nav/beauty.svg:0
[   11951ms] [ERROR] Access to fetch at 'https://static-assets-web.flixcart.com/apex-static/images/svgs/L1Nav/fashion.svg' from origin 'https://www.flipkart.com' has been blocked by CORS policy: Request header field x-user-agent is not allowed by Access-Control-Allow-Headers in preflight response. @ https://www.flipkart.com/:0
[   11952ms] [ERROR] Failed to load resource: net::ERR_FAILED @ https://static-assets-web.flixcart.com/apex-static/images/svgs/L1Nav/fashion.svg:0
[   11952ms] [ERROR] Access to fetch at 'https://static-assets-web.flixcart.com/apex-static/images/svgs/L1Nav/all.svg' from origin 'https://www.flipkart.com' has been blocked by CORS policy: Request header field x-user-agent is not allowed by Access-Control-Allow-Headers in preflight response. @ https://www.flipkart.com/:0
[   11953ms] [ERROR] Failed to load resource: net::ERR_FAILED @ https://static-assets-web.flixcart.com/apex-static/images/svgs/L1Nav/all.svg:0
[   11955ms] [ERROR] Access to fetch at 'https://static-assets-web.flixcart.com/apex-static/images/svgs/L1Nav/mobiles.svg' from origin 'https://www.flipkart.com' has been blocked by CORS policy: Request header field x-user-agent is not allowed by Access-Control-Allow-Headers in preflight response. @ https://www.flipkart.com/:0
[   11955ms] [ERROR] Failed to load resource: net::ERR_FAILED @ https://static-assets-web.flixcart.com/apex-static/images/svgs/L1Nav/mobiles.svg:0
[   11956ms] [ERROR] Access to fetch at 'https://static-assets-web.flixcart.com/apex-static/images/svgs/L1Nav/food.svg' from origin 'https://www.flipkart.com' has been blocked by CORS policy: Request header field x-user-agent is not allowed by Access-Control-Allow-Headers in preflight response. @ https://www.flipkart.com/:0
[   11956ms] [ERROR] Failed to load resource: net::ERR_FAILED @ https://static-assets-web.flixcart.com/apex-static/images/svgs/L1Nav/food.svg:0
[   11957ms] [ERROR] Access to fetch at 'https://static-assets-web.flixcart.com/apex-static/images/svgs/L1Nav/furniture.svg' from origin 'https://www.flipkart.com' has been blocked by CORS policy: Request header field x-user-agent is not allowed by Access-Control-Allow-Headers in preflight response. @ https://www.flipkart.com/:0
[   11957ms] [ERROR] Failed to load resource: net::ERR_FAILED @ https://static-assets-web.flixcart.com/apex-static/images/svgs/L1Nav/furniture.svg:0
[   11962ms] [ERROR] Access to fetch at 'https://static-assets-web.flixcart.com/apex-static/images/svgs/L1Nav/books.svg' from origin 'https://www.flipkart.com' has been blocked by CORS policy: Request header field x-user-agent is not allowed by Access-Control-Allow-Headers in preflight response. @ https://www.flipkart.com/:0
[   11963ms] [ERROR] Failed to load resource: net::ERR_FAILED @ https://static-assets-web.flixcart.com/apex-static/images/svgs/L1Nav/books.svg:0
[   11964ms] [ERROR] Access to fetch at 'https://static-assets-web.flixcart.com/apex-static/images/svgs/L1Nav/sport.svg' from origin 'https://www.flipkart.com' has been blocked by CORS policy: Request header field x-user-agent is not allowed by Access-Control-Allow-Headers in preflight response. @ https://www.flipkart.com/:0
[   11965ms] [ERROR] Failed to load resource: net::ERR_FAILED @ https://static-assets-web.flixcart.com/apex-static/images/svgs/L1Nav/sport.svg:0
[   11967ms] [ERROR] Access to fetch at 'https://static-assets-web.flixcart.com/apex-static/images/svgs/L1Nav/auto-new.svg' from origin 'https://www.flipkart.com' has been blocked by CORS policy: Request header field x-user-agent is not allowed by Access-Control-Allow-Headers in preflight response. @ https://www.flipkart.com/:0
[   11967ms] [ERROR] Failed to load resource: net::ERR_FAILED @ https://static-assets-web.flixcart.com/apex-static/images/svgs/L1Nav/auto-new.svg:0
[   11968ms] [ERROR] Access to fetch at 'https://static-assets-web.flixcart.com/apex-static/images/svgs/L1Nav/toy.svg' from origin 'https://www.flipkart.com' has been blocked by CORS policy: Request header field x-user-agent is not allowed by Access-Control-Allow-Headers in preflight response. @ https://www.flipkart.com/:0
[   11968ms] [ERROR] Failed to load resource: net::ERR_FAILED @ https://static-assets-web.flixcart.com/apex-static/images/svgs/L1Nav/toy.svg:0
[   11968ms] [ERROR] Access to fetch at 'https://static-assets-web.flixcart.com/apex-static/images/svgs/L1Nav/auto-acc.svg' from origin 'https://www.flipkart.com' has been blocked by CORS policy: Request header field x-user-agent is not allowed by Access-Control-Allow-Headers in preflight response. @ https://www.flipkart.com/:0
[   11968ms] [ERROR] Failed to load resource: net::ERR_FAILED @ https://static-assets-web.flixcart.com/apex-static/images/svgs/L1Nav/auto-acc.svg:0
[   11971ms] [ERROR] Access to fetch at 'https://static-assets-web.flixcart.com/apex-static/images/svgs/L1Nav/tv.svg' from origin 'https://www.flipkart.com' has been blocked by CORS policy: Request header field x-user-agent is not allowed by Access-Control-Allow-Headers in preflight response. @ https://www.flipkart.com/:0
[   11972ms] [ERROR] Failed to load resource: net::ERR_FAILED @ https://static-assets-web.flixcart.com/apex-static/images/svgs/L1Nav/tv.svg:0
[   24072ms] [WARNING] The resource https://rukminim2.flixcart.com/fk-p-flap/1570/770/image/42941ec3eff5ef23.jpg?q=20 was preloaded using link preload but not used within a few seconds from the window's load event. Please make sure it has an appropriate `as` value and it is preloaded intentionally. @ https://www.flipkart.com/:0
[   29048ms] [WARNING] The resource https://rukminim2.flixcart.com/fk-p-flap/1570/770/image/42941ec3eff5ef23.jpg?q=20 was preloaded using link preload but not used within a few seconds from the window's load event. Please make sure it has an appropriate `as` value and it is preloaded intentionally. @ https://www.flipkart.com/:0
